25-06-14 23:05:28.031 [WARN ]   :: hi hi
25-06-14 23:05:37.564 [WARN ]   :: bye bye
25-06-14 23:05:43.366 [WARN ]   :: bye bye
25-06-14 23:05:44.835 [WARN ]  [node] :: bye bye
25-06-14 23:05:48.455 [WARN ] [dfsdf] [node] :: bye bye
25-06-14 23:05:51.192 [WARN ] [dfsdf] [node] :: bye bye
25-06-14 23:06:01.937 [WARN ] [dfsdf] [node] :: bye bye
25-06-14 23:06:53.859 [WARN ] [dfsdf] [node] :: bye bye
25-06-14 23:07:09.676 [WARN ] [dfsdf] [node] :: bye bye
25-06-14 23:07:19.345 [WARN ] [dfsdf] [node] :: bye bye
25-06-14 23:08:20.052 [WARN ] [dfsdf] [node] :: bye bye
25-06-14 23:09:16.817 [WARN ] [dfsdf] [node] :: bye bye
25-06-14 23:10:01.719 [WARN ] [dfsdf] [node] :: bye bye
25-06-14 23:10:01.720 [WARN ] [UserService] [updateUser] :: This is a warning This is a warning
25-06-14 23:12:03.336 [WARN ] [dfsdf] [node] :: bye bye
25-06-14 23:12:03.336 [WARN ] [UserService] [updateUser] :: This is a warning This is a warning
25-06-14 23:12:07.139 [WARN ] [dfsdf] [node] :: bye bye
25-06-14 23:12:07.139 [WARN ] [UserService] [updateUser] :: This is a warning This is a warning
25-06-14 23:12:10.827 [WARN ] [dfsdf] [node] :: bye bye
25-06-14 23:12:10.828 [WARN ] [UserService] [updateUser] :: This is a warning This is a warning
25-06-14 23:12:17.488 [WARN ] [dfsdf] [node] :: bye bye
25-06-14 23:12:17.488 [WARN ] [UserService] [updateUser] :: This is a warning This is a warning
25-06-14 23:12:49.145 [WARN ] [dfsdf] [node] :: bye bye
25-06-14 23:12:49.146 [WARN ] [UserService] [updateUser] :: This is a warning This is a warning
25-06-14 23:16:27.085 [WARN ] [dfsdf] [node] :: bye
25-06-14 23:16:27.086 [WARN ] [UserService] [updateUser] :: This is a warning
25-06-14 23:17:28.733 [WARN ] [UserService] [updateUser] :: This is a warning
25-06-14 23:26:36.652 [INFO ] [UserService] [getUser] :: Fetching user :: {"userId":123}
25-06-14 23:26:36.653 [WARN ] [UserService] [updateUser] :: This is a warning
25-06-14 23:26:36.653 [ERROR] [ProblemService] [addProblem] :: Failed to add problem :: Something went wrong! :: {"problemId":456}
Error: Something went wrong!
    at Server.<anonymous> (/Users/pranav/Developer/linksync/Backend/src/index.js:24:9)
    at Server.f (/Users/pranav/Developer/linksync/Backend/node_modules/once/once.js:25:25)
    at Object.onceWrapper (node:events:638:28)
    at Server.emit (node:events:536:35)
    at emitListeningNT (node:net:1980:10)
    at process.processTicksAndRejections (node:internal/process/task_queues:89:21)
25-06-14 23:28:17.800 [DEBUG] [DebugService] [debugOp] :: Debugging info :: {"debug":true}
25-06-14 23:28:43.208 [DEBUG] [DebugService] [debugOp] :: Debugging info :: {"debug":true}
25-06-14 23:36:47.255 [WARN ]   :: Hi
25-06-14 23:36:52.234 [WARN ]  [df] :: Hi
25-06-14 23:36:54.628 [WARN ] [fs] [df] :: Hi
25-06-14 23:36:57.138 [WARN ] [fs] [df] :: Hi :: "fhsdf"
25-06-14 23:37:06.300 [WARN ] [fs] [df] :: Hi :: "fhsdf"
25-06-14 23:37:21.940 [WARN ] [fs] [df] :: Hi :: "fhsdf"
25-06-14 23:37:51.251 [WARN ] [fs] [df] :: Hi :: "fhsdf"
25-06-14 23:37:56.391 [DEBUG] [fs] [df] :: Hi :: "fhsdf"
25-06-14 23:38:04.533 [DEBUG] [fs] [df] :: Hi :: {"debug":true}
25-06-14 23:38:10.354 [DEBUG] [fs] [df] :: Hi
25-06-14 23:38:16.996 [WARN ] [fs] [df] :: Hi
25-06-14 23:41:53.078 [WARN ]   :: undefined
25-06-14 23:41:57.394 [WARN ]   :: 
25-06-14 23:43:24.542 [WARN ]   :: 
25-06-14 23:43:27.809 [WARN ]   :: 
25-06-14 23:43:39.004 [WARN ]   :: 
25-06-14 23:43:46.297 [INFO ]   :: undefined
25-06-14 23:43:46.299 [WARN ]   :: 
25-06-14 23:43:49.814 [WARN ]   :: 
25-06-14 23:44:18.749 [WARN ]   :: 
25-06-14 23:44:24.866 [INFO ]   :: undefined
25-06-14 23:44:24.869 [WARN ]   :: 
25-06-14 23:44:28.314 [WARN ]   :: 
25-06-14 23:44:31.022 [WARN ]   :: 
25-06-14 23:45:27.347 [WARN ]   :: 
25-06-14 23:45:57.478 [WARN ]   :: 
25-06-14 23:46:15.368 [WARN ]   :: 
25-06-14 23:46:23.982 [WARN ]   :: 
25-06-14 23:46:25.246 [WARN ]   :: 
25-06-14 23:46:31.379 [WARN ]   :: 
25-06-14 23:46:34.291 [WARN ]   :: 
25-06-14 23:46:36.447 [WARN ]   :: 
25-06-14 23:46:42.341 [WARN ]   :: 
25-06-14 23:46:47.629 [WARN ]   :: 
25-06-14 23:50:48.828 [WARN ]   :: dfsd
25-06-14 23:51:01.492 [DEBUG] [DebugService] [debugOp] :: Debugging info
25-06-15 14:12:01.075 [WARN ]   :: sfsd
25-06-15 14:12:02.901 [WARN ]   :: sfsd
